Component: ARM Compiler 6.16 Tool: armlink [5dfeaa00]

==============================================================================

Section Cross References

    startup_rvmdk.o(STACK) refers (Special) to heapauxi.o(.text) for __use_two_region_memory
    startup_rvmdk.o(HEAP) refers (Special) to heapauxi.o(.text) for __use_two_region_memory
    startup_rvmdk.o(RESET) refers (Special) to heapauxi.o(.text) for __use_two_region_memory
    startup_rvmdk.o(RESET) refers to startup_rvmdk.o(STACK) for StackMem
    startup_rvmdk.o(RESET) refers to obstacle_avoidance.o(.text.Delay_MicroSecond) for Delay_MicroSecond
    startup_rvmdk.o(RESET) refers to __main.o(!!!main) for __main
    startup_rvmdk.o(.text) refers (Special) to heapauxi.o(.text) for __use_two_region_memory
    startup_rvmdk.o(.text) refers to startup_rvmdk.o(HEAP) for HeapMem
    startup_rvmdk.o(.text) refers to startup_rvmdk.o(STACK) for StackMem
    obstacle_avoidance.o(.text.main) refers to obstacle_avoidance.o(.text.portB_init) for portB_init
    obstacle_avoidance.o(.text.main) refers to obstacle_avoidance.o(.text.portA_init) for portA_init
    obstacle_avoidance.o(.text.main) refers to obstacle_avoidance.o(.text.Timer0_init) for Timer0_init
    obstacle_avoidance.o(.text.main) refers to obstacle_avoidance.o(.text.servo_init) for servo_init
    obstacle_avoidance.o(.text.main) refers to obstacle_avoidance.o(.text.servo_90_degree) for servo_90_degree
    obstacle_avoidance.o(.text.main) refers to obstacle_avoidance.o(.text.Delay_MicroSecond) for Delay_MicroSecond
    obstacle_avoidance.o(.text.main) refers to obstacle_avoidance.o(.text.read_distance) for read_distance
    obstacle_avoidance.o(.text.main) refers to obstacle_avoidance.o(.data.distance) for distance
    obstacle_avoidance.o(.text.main) refers to obstacle_avoidance.o(.text.moveforward) for moveforward
    obstacle_avoidance.o(.text.main) refers to obstacle_avoidance.o(.text.movestop) for movestop
    obstacle_avoidance.o(.text.main) refers to obstacle_avoidance.o(.text.movebackward) for movebackward
    obstacle_avoidance.o(.text.main) refers to obstacle_avoidance.o(.text.lookright) for lookright
    obstacle_avoidance.o(.text.main) refers to obstacle_avoidance.o(.text.lookleft) for lookleft
    obstacle_avoidance.o(.text.main) refers to obstacle_avoidance.o(.text.turnleft) for turnleft
    obstacle_avoidance.o(.text.main) refers to obstacle_avoidance.o(.text.turnright) for turnright
    obstacle_avoidance.o(.ARM.exidx.text.main) refers to obstacle_avoidance.o(.text.main) for [Anonymous Symbol]
    obstacle_avoidance.o(.ARM.exidx.text.portB_init) refers to obstacle_avoidance.o(.text.portB_init) for [Anonymous Symbol]
    obstacle_avoidance.o(.ARM.exidx.text.portA_init) refers to obstacle_avoidance.o(.text.portA_init) for [Anonymous Symbol]
    obstacle_avoidance.o(.ARM.exidx.text.Timer0_init) refers to obstacle_avoidance.o(.text.Timer0_init) for [Anonymous Symbol]
    obstacle_avoidance.o(.ARM.exidx.text.servo_init) refers to obstacle_avoidance.o(.text.servo_init) for [Anonymous Symbol]
    obstacle_avoidance.o(.text.servo_90_degree) refers to obstacle_avoidance.o(.text.Delay_MicroSecond) for Delay_MicroSecond
    obstacle_avoidance.o(.ARM.exidx.text.servo_90_degree) refers to obstacle_avoidance.o(.text.servo_90_degree) for [Anonymous Symbol]
    obstacle_avoidance.o(.ARM.exidx.text.Delay_MicroSecond) refers to obstacle_avoidance.o(.text.Delay_MicroSecond) for [Anonymous Symbol]
    obstacle_avoidance.o(.text.read_distance) refers to obstacle_avoidance.o(.text.Delay_MicroSecond) for Delay_MicroSecond
    obstacle_avoidance.o(.text.read_distance) refers to obstacle_avoidance.o(.text.measureD) for measureD
    obstacle_avoidance.o(.ARM.exidx.text.read_distance) refers to obstacle_avoidance.o(.text.read_distance) for [Anonymous Symbol]
    obstacle_avoidance.o(.text.movestop) refers to obstacle_avoidance.o(.text.left_motor_stop) for left_motor_stop
    obstacle_avoidance.o(.text.movestop) refers to obstacle_avoidance.o(.text.right_motor_stop) for right_motor_stop
    obstacle_avoidance.o(.ARM.exidx.text.movestop) refers to obstacle_avoidance.o(.text.movestop) for [Anonymous Symbol]
    obstacle_avoidance.o(.text.movebackward) refers to obstacle_avoidance.o(.text.left_motor_backward) for left_motor_backward
    obstacle_avoidance.o(.text.movebackward) refers to obstacle_avoidance.o(.text.right_motor_backward) for right_motor_backward
    obstacle_avoidance.o(.ARM.exidx.text.movebackward) refers to obstacle_avoidance.o(.text.movebackward) for [Anonymous Symbol]
    obstacle_avoidance.o(.text.lookright) refers to obstacle_avoidance.o(.text.servo_45_degree) for servo_45_degree
    obstacle_avoidance.o(.text.lookright) refers to obstacle_avoidance.o(.text.Delay_MicroSecond) for Delay_MicroSecond
    obstacle_avoidance.o(.text.lookright) refers to obstacle_avoidance.o(.text.read_distance) for read_distance
    obstacle_avoidance.o(.text.lookright) refers to obstacle_avoidance.o(.text.servo_90_degree) for servo_90_degree
    obstacle_avoidance.o(.ARM.exidx.text.lookright) refers to obstacle_avoidance.o(.text.lookright) for [Anonymous Symbol]
    obstacle_avoidance.o(.text.lookleft) refers to obstacle_avoidance.o(.text.servo_135_degree) for servo_135_degree
    obstacle_avoidance.o(.text.lookleft) refers to obstacle_avoidance.o(.text.Delay_MicroSecond) for Delay_MicroSecond
    obstacle_avoidance.o(.text.lookleft) refers to obstacle_avoidance.o(.text.read_distance) for read_distance
    obstacle_avoidance.o(.text.lookleft) refers to obstacle_avoidance.o(.text.servo_90_degree) for servo_90_degree
    obstacle_avoidance.o(.ARM.exidx.text.lookleft) refers to obstacle_avoidance.o(.text.lookleft) for [Anonymous Symbol]
    obstacle_avoidance.o(.text.turnright) refers to obstacle_avoidance.o(.text.left_motor_forward) for left_motor_forward
    obstacle_avoidance.o(.text.turnright) refers to obstacle_avoidance.o(.text.right_motor_backward) for right_motor_backward
    obstacle_avoidance.o(.ARM.exidx.text.turnright) refers to obstacle_avoidance.o(.text.turnright) for [Anonymous Symbol]
    obstacle_avoidance.o(.text.turnleft) refers to obstacle_avoidance.o(.text.right_motor_forward) for right_motor_forward
    obstacle_avoidance.o(.text.turnleft) refers to obstacle_avoidance.o(.text.left_motor_backward) for left_motor_backward
    obstacle_avoidance.o(.ARM.exidx.text.turnleft) refers to obstacle_avoidance.o(.text.turnleft) for [Anonymous Symbol]
    obstacle_avoidance.o(.text.moveforward) refers to obstacle_avoidance.o(.text.left_motor_forward) for left_motor_forward
    obstacle_avoidance.o(.text.moveforward) refers to obstacle_avoidance.o(.text.right_motor_forward) for right_motor_forward
    obstacle_avoidance.o(.ARM.exidx.text.moveforward) refers to obstacle_avoidance.o(.text.moveforward) for [Anonymous Symbol]
    obstacle_avoidance.o(.text.servo_45_degree) refers to obstacle_avoidance.o(.text.Delay_MicroSecond) for Delay_MicroSecond
    obstacle_avoidance.o(.ARM.exidx.text.servo_45_degree) refers to obstacle_avoidance.o(.text.servo_45_degree) for [Anonymous Symbol]
    obstacle_avoidance.o(.text.servo_135_degree) refers to obstacle_avoidance.o(.text.Delay_MicroSecond) for Delay_MicroSecond
    obstacle_avoidance.o(.ARM.exidx.text.servo_135_degree) refers to obstacle_avoidance.o(.text.servo_135_degree) for [Anonymous Symbol]
    obstacle_avoidance.o(.text.measureD) refers to obstacle_avoidance.o(.text.Delay_MicroSecond) for Delay_MicroSecond
    obstacle_avoidance.o(.text.measureD) refers to obstacle_avoidance.o(.bss.ddistance) for ddistance
    obstacle_avoidance.o(.text.measureD) refers to obstacle_avoidance.o(.bss.highEdge) for highEdge
    obstacle_avoidance.o(.text.measureD) refers to obstacle_avoidance.o(.bss.lowEdge) for lowEdge
    obstacle_avoidance.o(.text.measureD) refers to dflt_clz.o(x$fpl$dfltu) for __aeabi_ui2d
    obstacle_avoidance.o(.text.measureD) refers to dmul.o(x$fpl$dmul) for __aeabi_dmul
    obstacle_avoidance.o(.text.measureD) refers to dfixu.o(x$fpl$dfixu) for __aeabi_d2uiz
    obstacle_avoidance.o(.ARM.exidx.text.measureD) refers to obstacle_avoidance.o(.text.measureD) for [Anonymous Symbol]
    obstacle_avoidance.o(.ARM.exidx.text.left_motor_forward) refers to obstacle_avoidance.o(.text.left_motor_forward) for [Anonymous Symbol]
    obstacle_avoidance.o(.ARM.exidx.text.left_motor_backward) refers to obstacle_avoidance.o(.text.left_motor_backward) for [Anonymous Symbol]
    obstacle_avoidance.o(.ARM.exidx.text.left_motor_stop) refers to obstacle_avoidance.o(.text.left_motor_stop) for [Anonymous Symbol]
    obstacle_avoidance.o(.ARM.exidx.text.right_motor_forward) refers to obstacle_avoidance.o(.text.right_motor_forward) for [Anonymous Symbol]
    obstacle_avoidance.o(.ARM.exidx.text.right_motor_backward) refers to obstacle_avoidance.o(.text.right_motor_backward) for [Anonymous Symbol]
    obstacle_avoidance.o(.ARM.exidx.text.right_motor_stop) refers to obstacle_avoidance.o(.text.right_motor_stop) for [Anonymous Symbol]
    __main.o(!!!main) refers to __rtentry.o(.ARM.Collect$$rtentry$$00000000) for __rt_entry
    dfixu.o(x$fpl$dfixu) refers (Special) to usenofp.o(x$fpl$usenofp) for __I$use$fp
    dfixu.o(x$fpl$dfixu) refers to dnaninf.o(x$fpl$dnaninf) for __fpl_dnaninf
    dfixu.o(x$fpl$dfixur) refers (Special) to usenofp.o(x$fpl$usenofp) for __I$use$fp
    dfixu.o(x$fpl$dfixur) refers to dnaninf.o(x$fpl$dnaninf) for __fpl_dnaninf
    dflt_clz.o(x$fpl$dfltu) refers (Special) to usenofp.o(x$fpl$usenofp) for __I$use$fp
    dflt_clz.o(x$fpl$dflt) refers (Special) to usenofp.o(x$fpl$usenofp) for __I$use$fp
    dflt_clz.o(x$fpl$dfltn) refers (Special) to usenofp.o(x$fpl$usenofp) for __I$use$fp
    dmul.o(x$fpl$dmul) refers (Special) to usenofp.o(x$fpl$usenofp) for __I$use$fp
    dmul.o(x$fpl$dmul) refers to dretinf.o(x$fpl$dretinf) for __fpl_dretinf
    dmul.o(x$fpl$dmul) refers to dnaninf.o(x$fpl$dnaninf) for __fpl_dnaninf
    __rtentry.o(.ARM.Collect$$rtentry$$00000000) refers (Special) to __rtentry2.o(.ARM.Collect$$rtentry$$0000000A) for __rt_entry_li
    __rtentry.o(.ARM.Collect$$rtentry$$00000000) refers (Special) to __rtentry2.o(.ARM.Collect$$rtentry$$0000000D) for __rt_entry_main
    __rtentry.o(.ARM.Collect$$rtentry$$00000000) refers (Special) to __rtentry2.o(.ARM.Collect$$rtentry$$0000000C) for __rt_entry_postli_1
    __rtentry.o(.ARM.Collect$$rtentry$$00000000) refers (Special) to __rtentry2.o(.ARM.Collect$$rtentry$$00000009) for __rt_entry_postsh_1
    __rtentry.o(.ARM.Collect$$rtentry$$00000000) refers (Special) to __rtentry2.o(.ARM.Collect$$rtentry$$00000002) for __rt_entry_presh_1
    __rtentry.o(.ARM.Collect$$rtentry$$00000000) refers (Special) to __rtentry4.o(.ARM.Collect$$rtentry$$00000004) for __rt_entry_sh
    dnaninf.o(x$fpl$dnaninf) refers (Special) to usenofp.o(x$fpl$usenofp) for __I$use$fp
    dretinf.o(x$fpl$dretinf) refers (Special) to usenofp.o(x$fpl$usenofp) for __I$use$fp
    __rtentry2.o(.ARM.Collect$$rtentry$$00000008) refers to boardinit2.o(.text) for _platform_post_stackheap_init
    __rtentry2.o(.ARM.Collect$$rtentry$$0000000A) refers to libinit.o(.ARM.Collect$$libinit$$00000000) for __rt_lib_init
    __rtentry2.o(.ARM.Collect$$rtentry$$0000000B) refers to boardinit3.o(.text) for _platform_post_lib_init
    __rtentry2.o(.ARM.Collect$$rtentry$$0000000D) refers to obstacle_avoidance.o(.text.main) for main
    __rtentry2.o(.ARM.Collect$$rtentry$$0000000D) refers to exit.o(.text) for exit
    __rtentry2.o(.ARM.exidx) refers to __rtentry2.o(.ARM.Collect$$rtentry$$00000001) for .ARM.Collect$$rtentry$$00000001
    __rtentry2.o(.ARM.exidx) refers to __rtentry2.o(.ARM.Collect$$rtentry$$00000008) for .ARM.Collect$$rtentry$$00000008
    __rtentry2.o(.ARM.exidx) refers to __rtentry2.o(.ARM.Collect$$rtentry$$0000000A) for .ARM.Collect$$rtentry$$0000000A
    __rtentry2.o(.ARM.exidx) refers to __rtentry2.o(.ARM.Collect$$rtentry$$0000000B) for .ARM.Collect$$rtentry$$0000000B
    __rtentry2.o(.ARM.exidx) refers to __rtentry2.o(.ARM.Collect$$rtentry$$0000000D) for .ARM.Collect$$rtentry$$0000000D
    __rtentry4.o(.ARM.Collect$$rtentry$$00000004) refers to sys_stackheap_outer.o(.text) for __user_setup_stackheap
    __rtentry4.o(.ARM.exidx) refers to __rtentry4.o(.ARM.Collect$$rtentry$$00000004) for .ARM.Collect$$rtentry$$00000004
    sys_stackheap_outer.o(.text) refers to libspace.o(.text) for __user_perproc_libspace
    sys_stackheap_outer.o(.text) refers to startup_rvmdk.o(.text) for __user_initial_stackheap
    exit.o(.text) refers to rtexit.o(.ARM.Collect$$rtexit$$00000000) for __rt_exit
    libinit.o(.ARM.Collect$$libinit$$00000000) refers (Special) to libinit2.o(.ARM.Collect$$libinit$$0000002E) for __rt_lib_init_alloca_1
    libinit.o(.ARM.Collect$$libinit$$00000000) refers (Special) to libinit2.o(.ARM.Collect$$libinit$$0000002C) for __rt_lib_init_argv_1
    libinit.o(.ARM.Collect$$libinit$$00000000) refers (Special) to libinit2.o(.ARM.Collect$$libinit$$0000001B) for __rt_lib_init_atexit_1
    libinit.o(.ARM.Collect$$libinit$$00000000) refers (Special) to libinit2.o(.ARM.Collect$$libinit$$00000021) for __rt_lib_init_clock_1
    libinit.o(.ARM.Collect$$libinit$$00000000) refers (Special) to libinit2.o(.ARM.Collect$$libinit$$00000032) for __rt_lib_init_cpp_1
    libinit.o(.ARM.Collect$$libinit$$00000000) refers (Special) to libinit2.o(.ARM.Collect$$libinit$$00000030) for __rt_lib_init_exceptions_1
    libinit.o(.ARM.Collect$$libinit$$00000000) refers (Special) to libinit2.o(.ARM.Collect$$libinit$$00000001) for __rt_lib_init_fp_1
    libinit.o(.ARM.Collect$$libinit$$00000000) refers (Special) to libinit2.o(.ARM.Collect$$libinit$$0000001F) for __rt_lib_init_fp_trap_1
    libinit.o(.ARM.Collect$$libinit$$00000000) refers (Special) to libinit2.o(.ARM.Collect$$libinit$$00000023) for __rt_lib_init_getenv_1
    libinit.o(.ARM.Collect$$libinit$$00000000) refers (Special) to libinit2.o(.ARM.Collect$$libinit$$0000000A) for __rt_lib_init_heap_1
    libinit.o(.ARM.Collect$$libinit$$00000000) refers (Special) to libinit2.o(.ARM.Collect$$libinit$$00000011) for __rt_lib_init_lc_collate_1
    libinit.o(.ARM.Collect$$libinit$$00000000) refers (Special) to libinit2.o(.ARM.Collect$$libinit$$00000013) for __rt_lib_init_lc_ctype_1
    libinit.o(.ARM.Collect$$libinit$$00000000) refers (Special) to libinit2.o(.ARM.Collect$$libinit$$00000015) for __rt_lib_init_lc_monetary_1
    libinit.o(.ARM.Collect$$libinit$$00000000) refers (Special) to libinit2.o(.ARM.Collect$$libinit$$00000017) for __rt_lib_init_lc_numeric_1
    libinit.o(.ARM.Collect$$libinit$$00000000) refers (Special) to libinit2.o(.ARM.Collect$$libinit$$00000019) for __rt_lib_init_lc_time_1
    libinit.o(.ARM.Collect$$libinit$$00000000) refers (Special) to libinit2.o(.ARM.Collect$$libinit$$00000004) for __rt_lib_init_preinit_1
    libinit.o(.ARM.Collect$$libinit$$00000000) refers (Special) to libinit2.o(.ARM.Collect$$libinit$$0000000E) for __rt_lib_init_rand_1
    libinit.o(.ARM.Collect$$libinit$$00000000) refers (Special) to libinit2.o(.ARM.Collect$$libinit$$00000033) for __rt_lib_init_return
    libinit.o(.ARM.Collect$$libinit$$00000000) refers (Special) to libinit2.o(.ARM.Collect$$libinit$$0000001D) for __rt_lib_init_signal_1
    libinit.o(.ARM.Collect$$libinit$$00000000) refers (Special) to libinit2.o(.ARM.Collect$$libinit$$00000025) for __rt_lib_init_stdio_1
    libinit.o(.ARM.Collect$$libinit$$00000000) refers (Special) to libinit2.o(.ARM.Collect$$libinit$$0000000C) for __rt_lib_init_user_alloc_1
    libspace.o(.text) refers to libspace.o(.bss) for __libspace_start
    rtexit.o(.ARM.Collect$$rtexit$$00000000) refers (Special) to rtexit2.o(.ARM.Collect$$rtexit$$00000004) for __rt_exit_exit
    rtexit.o(.ARM.Collect$$rtexit$$00000000) refers (Special) to rtexit2.o(.ARM.Collect$$rtexit$$00000003) for __rt_exit_ls
    rtexit.o(.ARM.Collect$$rtexit$$00000000) refers (Special) to rtexit2.o(.ARM.Collect$$rtexit$$00000002) for __rt_exit_prels_1
    rtexit.o(.ARM.exidx) refers (Special) to rtexit2.o(.ARM.Collect$$rtexit$$00000004) for __rt_exit_exit
    rtexit.o(.ARM.exidx) refers (Special) to rtexit2.o(.ARM.Collect$$rtexit$$00000003) for __rt_exit_ls
    rtexit.o(.ARM.exidx) refers (Special) to rtexit2.o(.ARM.Collect$$rtexit$$00000002) for __rt_exit_prels_1
    rtexit.o(.ARM.exidx) refers to rtexit.o(.ARM.Collect$$rtexit$$00000000) for .ARM.Collect$$rtexit$$00000000
    libinit2.o(.ARM.Collect$$libinit$$00000001) refers to fpinit.o(x$fpl$fpinit) for _fp_init
    libinit2.o(.ARM.Collect$$libinit$$00000010) refers to libinit2.o(.ARM.Collect$$libinit$$0000000F) for .ARM.Collect$$libinit$$0000000F
    libinit2.o(.ARM.Collect$$libinit$$00000012) refers to libinit2.o(.ARM.Collect$$libinit$$0000000F) for .ARM.Collect$$libinit$$0000000F
    libinit2.o(.ARM.Collect$$libinit$$00000014) refers to libinit2.o(.ARM.Collect$$libinit$$0000000F) for .ARM.Collect$$libinit$$0000000F
    libinit2.o(.ARM.Collect$$libinit$$00000016) refers to libinit2.o(.ARM.Collect$$libinit$$0000000F) for .ARM.Collect$$libinit$$0000000F
    libinit2.o(.ARM.Collect$$libinit$$00000018) refers to libinit2.o(.ARM.Collect$$libinit$$0000000F) for .ARM.Collect$$libinit$$0000000F
    libinit2.o(.ARM.Collect$$libinit$$00000026) refers to argv_veneer.o(.emb_text) for __ARM_argv_veneer
    libinit2.o(.ARM.Collect$$libinit$$00000027) refers to argv_veneer.o(.emb_text) for __ARM_argv_veneer
    rtexit2.o(.ARM.Collect$$rtexit$$00000003) refers to libshutdown.o(.ARM.Collect$$libshutdown$$00000000) for __rt_lib_shutdown
    rtexit2.o(.ARM.Collect$$rtexit$$00000004) refers to sys_exit.o(.text) for _sys_exit
    rtexit2.o(.ARM.exidx) refers to rtexit2.o(.ARM.Collect$$rtexit$$00000001) for .ARM.Collect$$rtexit$$00000001
    rtexit2.o(.ARM.exidx) refers to rtexit2.o(.ARM.Collect$$rtexit$$00000003) for .ARM.Collect$$rtexit$$00000003
    rtexit2.o(.ARM.exidx) refers to rtexit2.o(.ARM.Collect$$rtexit$$00000004) for .ARM.Collect$$rtexit$$00000004
    argv_veneer.o(.emb_text) refers to no_argv.o(.text) for __ARM_get_argv
    sys_exit.o(.text) refers (Special) to use_no_semi.o(.text) for __I$use$semihosting
    sys_exit.o(.text) refers (Special) to indicate_semi.o(.text) for __semihosting_library_function
    sys_exit_hlt.o(.text) refers (Special) to use_no_semi.o(.text) for __I$use$semihosting
    sys_exit_hlt.o(.text) refers (Special) to indicate_semi.o(.text) for __semihosting_library_function
    _get_argv_nomalloc.o(.text) refers (Special) to hrguard.o(.text) for __heap_region$guard
    _get_argv_nomalloc.o(.text) refers to defsig_rtmem_outer.o(.text) for __rt_SIGRTMEM
    _get_argv_nomalloc.o(.text) refers to sys_command.o(.text) for _sys_command_string
    libshutdown.o(.ARM.Collect$$libshutdown$$00000000) refers (Special) to libshutdown2.o(.ARM.Collect$$libshutdown$$00000002) for __rt_lib_shutdown_cpp_1
    libshutdown.o(.ARM.Collect$$libshutdown$$00000000) refers (Special) to libshutdown2.o(.ARM.Collect$$libshutdown$$00000007) for __rt_lib_shutdown_fp_trap_1
    libshutdown.o(.ARM.Collect$$libshutdown$$00000000) refers (Special) to libshutdown2.o(.ARM.Collect$$libshutdown$$0000000F) for __rt_lib_shutdown_heap_1
    libshutdown.o(.ARM.Collect$$libshutdown$$00000000) refers (Special) to libshutdown2.o(.ARM.Collect$$libshutdown$$00000010) for __rt_lib_shutdown_return
    libshutdown.o(.ARM.Collect$$libshutdown$$00000000) refers (Special) to libshutdown2.o(.ARM.Collect$$libshutdown$$0000000A) for __rt_lib_shutdown_signal_1
    libshutdown.o(.ARM.Collect$$libshutdown$$00000000) refers (Special) to libshutdown2.o(.ARM.Collect$$libshutdown$$00000004) for __rt_lib_shutdown_stdio_1
    libshutdown.o(.ARM.Collect$$libshutdown$$00000000) refers (Special) to libshutdown2.o(.ARM.Collect$$libshutdown$$0000000C) for __rt_lib_shutdown_user_alloc_1
    sys_command.o(.text) refers (Special) to use_no_semi.o(.text) for __I$use$semihosting
    sys_command.o(.text) refers (Special) to indicate_semi.o(.text) for __semihosting_library_function
    sys_command_hlt.o(.text) refers (Special) to use_no_semi.o(.text) for __I$use$semihosting
    sys_command_hlt.o(.text) refers (Special) to indicate_semi.o(.text) for __semihosting_library_function
    defsig_rtmem_outer.o(.text) refers to defsig_rtmem_inner.o(.text) for __rt_SIGRTMEM_inner
    defsig_rtmem_outer.o(.text) refers to defsig_exit.o(.text) for __sig_exit
    defsig_rtmem_formal.o(.text) refers to rt_raise.o(.text) for __rt_raise
    rt_raise.o(.text) refers to __raise.o(.text) for __raise
    rt_raise.o(.text) refers to sys_exit.o(.text) for _sys_exit
    defsig_exit.o(.text) refers to sys_exit.o(.text) for _sys_exit
    defsig_rtmem_inner.o(.text) refers to defsig_general.o(.text) for __default_signal_display
    __raise.o(.text) refers to defsig.o(CL$$defsig) for __default_signal_handler
    defsig_general.o(.text) refers to sys_wrch.o(.text) for _ttywrch
    sys_wrch.o(.text) refers (Special) to use_no_semi.o(.text) for __I$use$semihosting
    sys_wrch.o(.text) refers (Special) to indicate_semi.o(.text) for __semihosting_library_function
    sys_wrch_hlt.o(.text) refers (Special) to use_no_semi.o(.text) for __I$use$semihosting
    sys_wrch_hlt.o(.text) refers (Special) to indicate_semi.o(.text) for __semihosting_library_function
    defsig.o(CL$$defsig) refers to defsig_rtmem_inner.o(.text) for __rt_SIGRTMEM_inner
    defsig_abrt_inner.o(.text) refers to defsig_general.o(.text) for __default_signal_display
    defsig_fpe_inner.o(.text) refers to defsig_general.o(.text) for __default_signal_display
    defsig_rtred_inner.o(.text) refers to defsig_general.o(.text) for __default_signal_display
    defsig_stak_inner.o(.text) refers to defsig_general.o(.text) for __default_signal_display
    defsig_pvfn_inner.o(.text) refers to defsig_general.o(.text) for __default_signal_display
    defsig_cppl_inner.o(.text) refers to defsig_general.o(.text) for __default_signal_display
    defsig_segv_inner.o(.text) refers to defsig_general.o(.text) for __default_signal_display
    defsig_other.o(.text) refers to defsig_general.o(.text) for __default_signal_display


==============================================================================

Removing Unused input sections from the image.

    Removing obstacle_avoidance.o(.text), (0 bytes).
    Removing obstacle_avoidance.o(.ARM.exidx.text.main), (8 bytes).
    Removing obstacle_avoidance.o(.ARM.exidx.text.portB_init), (8 bytes).
    Removing obstacle_avoidance.o(.ARM.exidx.text.portA_init), (8 bytes).
    Removing obstacle_avoidance.o(.ARM.exidx.text.Timer0_init), (8 bytes).
    Removing obstacle_avoidance.o(.ARM.exidx.text.servo_init), (8 bytes).
    Removing obstacle_avoidance.o(.ARM.exidx.text.servo_90_degree), (8 bytes).
    Removing obstacle_avoidance.o(.ARM.exidx.text.Delay_MicroSecond), (8 bytes).
    Removing obstacle_avoidance.o(.ARM.exidx.text.read_distance), (8 bytes).
    Removing obstacle_avoidance.o(.ARM.exidx.text.movestop), (8 bytes).
    Removing obstacle_avoidance.o(.ARM.exidx.text.movebackward), (8 bytes).
    Removing obstacle_avoidance.o(.ARM.exidx.text.lookright), (8 bytes).
    Removing obstacle_avoidance.o(.ARM.exidx.text.lookleft), (8 bytes).
    Removing obstacle_avoidance.o(.ARM.exidx.text.turnright), (8 bytes).
    Removing obstacle_avoidance.o(.ARM.exidx.text.turnleft), (8 bytes).
    Removing obstacle_avoidance.o(.ARM.exidx.text.moveforward), (8 bytes).
    Removing obstacle_avoidance.o(.ARM.exidx.text.servo_45_degree), (8 bytes).
    Removing obstacle_avoidance.o(.ARM.exidx.text.servo_135_degree), (8 bytes).
    Removing obstacle_avoidance.o(.ARM.exidx.text.measureD), (8 bytes).
    Removing obstacle_avoidance.o(.ARM.exidx.text.left_motor_forward), (8 bytes).
    Removing obstacle_avoidance.o(.ARM.exidx.text.left_motor_backward), (8 bytes).
    Removing obstacle_avoidance.o(.ARM.exidx.text.left_motor_stop), (8 bytes).
    Removing obstacle_avoidance.o(.ARM.exidx.text.right_motor_forward), (8 bytes).
    Removing obstacle_avoidance.o(.ARM.exidx.text.right_motor_backward), (8 bytes).
    Removing obstacle_avoidance.o(.ARM.exidx.text.right_motor_stop), (8 bytes).
    Removing obstacle_avoidance.o(.rodata._16MHz_1clock), (8 bytes).
    Removing obstacle_avoidance.o(.rodata.MULTIPLIER), (4 bytes).
    Removing obstacle_avoidance.o(.bss.goesforward), (1 bytes).
    Removing obstacle_avoidance.o(.bss.distance_in_cm), (4 bytes).
    Removing obstacle_avoidance.o(.ARM.use_no_argv), (4 bytes).

30 unused section(s) (total 213 bytes) removed from the image.

==============================================================================

Image Symbol Table

    Local Symbols

    Symbol Name                              Value     Ov Type        Size  Object(Section)

    ../clib/angel/boardlib.s                 0x00000000   Number         0  boardinit1.o ABSOLUTE
    ../clib/angel/boardlib.s                 0x00000000   Number         0  boardinit2.o ABSOLUTE
    ../clib/angel/boardlib.s                 0x00000000   Number         0  boardinit3.o ABSOLUTE
    ../clib/angel/boardlib.s                 0x00000000   Number         0  boardshut.o ABSOLUTE
    ../clib/angel/handlers.s                 0x00000000   Number         0  __scatter_copy.o ABSOLUTE
    ../clib/angel/handlers.s                 0x00000000   Number         0  __scatter_zi.o ABSOLUTE
    ../clib/angel/kernel.s                   0x00000000   Number         0  __rtentry.o ABSOLUTE
    ../clib/angel/kernel.s                   0x00000000   Number         0  __rtentry2.o ABSOLUTE
    ../clib/angel/kernel.s                   0x00000000   Number         0  __rtentry4.o ABSOLUTE
    ../clib/angel/kernel.s                   0x00000000   Number         0  rtexit.o ABSOLUTE
    ../clib/angel/kernel.s                   0x00000000   Number         0  rtexit2.o ABSOLUTE
    ../clib/angel/rt.s                       0x00000000   Number         0  rt_raise.o ABSOLUTE
    ../clib/angel/scatter.s                  0x00000000   Number         0  __scatter.o ABSOLUTE
    ../clib/angel/startup.s                  0x00000000   Number         0  __main.o ABSOLUTE
    ../clib/angel/sys.s                      0x00000000   Number         0  sys_stackheap_outer.o ABSOLUTE
    ../clib/angel/sys.s                      0x00000000   Number         0  libspace.o ABSOLUTE
    ../clib/angel/sys.s                      0x00000000   Number         0  use_no_semi.o ABSOLUTE
    ../clib/angel/sys.s                      0x00000000   Number         0  indicate_semi.o ABSOLUTE
    ../clib/angel/sysapp.c                   0x00000000   Number         0  sys_exit.o ABSOLUTE
    ../clib/angel/sysapp.c                   0x00000000   Number         0  sys_exit_hlt.o ABSOLUTE
    ../clib/angel/sysapp.c                   0x00000000   Number         0  sys_command.o ABSOLUTE
    ../clib/angel/sysapp.c                   0x00000000   Number         0  sys_command_hlt.o ABSOLUTE
    ../clib/angel/sysapp.c                   0x00000000   Number         0  sys_wrch.o ABSOLUTE
    ../clib/angel/sysapp.c                   0x00000000   Number         0  sys_wrch_hlt.o ABSOLUTE
    ../clib/armsys.c                         0x00000000   Number         0  argv_veneer.o ABSOLUTE
    ../clib/armsys.c                         0x00000000   Number         0  argv_veneer.o ABSOLUTE
    ../clib/armsys.c                         0x00000000   Number         0  _get_argv_nomalloc.o ABSOLUTE
    ../clib/armsys.c                         0x00000000   Number         0  no_argv.o ABSOLUTE
    ../clib/heapalloc.c                      0x00000000   Number         0  hrguard.o ABSOLUTE
    ../clib/heapaux.c                        0x00000000   Number         0  heapauxi.o ABSOLUTE
    ../clib/libinit.s                        0x00000000   Number         0  libinit.o ABSOLUTE
    ../clib/libinit.s                        0x00000000   Number         0  libinit2.o ABSOLUTE
    ../clib/libinit.s                        0x00000000   Number         0  libshutdown.o ABSOLUTE
    ../clib/libinit.s                        0x00000000   Number         0  libshutdown2.o ABSOLUTE
    ../clib/signal.c                         0x00000000   Number         0  defsig_rtmem_outer.o ABSOLUTE
    ../clib/signal.c                         0x00000000   Number         0  defsig_rtmem_formal.o ABSOLUTE
    ../clib/signal.c                         0x00000000   Number         0  defsig_exit.o ABSOLUTE
    ../clib/signal.c                         0x00000000   Number         0  defsig_rtmem_inner.o ABSOLUTE
    ../clib/signal.c                         0x00000000   Number         0  __raise.o ABSOLUTE
    ../clib/signal.c                         0x00000000   Number         0  defsig_general.o ABSOLUTE
    ../clib/signal.c                         0x00000000   Number         0  defsig_abrt_inner.o ABSOLUTE
    ../clib/signal.c                         0x00000000   Number         0  defsig_fpe_inner.o ABSOLUTE
    ../clib/signal.c                         0x00000000   Number         0  defsig_rtred_inner.o ABSOLUTE
    ../clib/signal.c                         0x00000000   Number         0  defsig_stak_inner.o ABSOLUTE
    ../clib/signal.c                         0x00000000   Number         0  defsig_pvfn_inner.o ABSOLUTE
    ../clib/signal.c                         0x00000000   Number         0  defsig_cppl_inner.o ABSOLUTE
    ../clib/signal.c                         0x00000000   Number         0  defsig_segv_inner.o ABSOLUTE
    ../clib/signal.c                         0x00000000   Number         0  defsig_other.o ABSOLUTE
    ../clib/signal.s                         0x00000000   Number         0  defsig.o ABSOLUTE
    ../clib/stdlib.c                         0x00000000   Number         0  exit.o ABSOLUTE
    ../fplib/dfixu.s                         0x00000000   Number         0  dfixu.o ABSOLUTE
    ../fplib/dflt.s                          0x00000000   Number         0  dflt_clz.o ABSOLUTE
    ../fplib/dmul.s                          0x00000000   Number         0  dmul.o ABSOLUTE
    ../fplib/dnaninf.s                       0x00000000   Number         0  dnaninf.o ABSOLUTE
    ../fplib/dretinf.s                       0x00000000   Number         0  dretinf.o ABSOLUTE
    ../fplib/fpinit.s                        0x00000000   Number         0  fpinit.o ABSOLUTE
    ../fplib/usenofp.s                       0x00000000   Number         0  usenofp.o ABSOLUTE
    dc.s                                     0x00000000   Number         0  dc.o ABSOLUTE
    obstacle_avoidance.c                     0x00000000   Number         0  obstacle_avoidance.o ABSOLUTE
    startup_rvmdk.S                          0x00000000   Number         0  startup_rvmdk.o ABSOLUTE
    RESET                                    0x00000000   Section      648  startup_rvmdk.o(RESET)
    $v0                                      0x0000026c   Number         0  startup_rvmdk.o(RESET)
    NmiSR                                    0x00000281   Thumb Code     0  startup_rvmdk.o(RESET)
    FaultISR                                 0x00000283   Thumb Code     0  startup_rvmdk.o(RESET)
    IntDefaultHandler                        0x00000285   Thumb Code     0  startup_rvmdk.o(RESET)
    !!!main                                  0x00000288   Section        8  __main.o(!!!main)
    !!!scatter                               0x00000290   Section       52  __scatter.o(!!!scatter)
    !!handler_copy                           0x000002c4   Section       26  __scatter_copy.o(!!handler_copy)
    !!handler_zi                             0x000002e0   Section       28  __scatter_zi.o(!!handler_zi)
    .ARM.Collect$$libinit$$00000000          0x000002fc   Section        2  libinit.o(.ARM.Collect$$libinit$$00000000)
    .ARM.Collect$$libinit$$00000001          0x000002fe   Section        4  libinit2.o(.ARM.Collect$$libinit$$00000001)
    .ARM.Collect$$libinit$$00000004          0x00000302   Section        0  libinit2.o(.ARM.Collect$$libinit$$00000004)
    .ARM.Collect$$libinit$$0000000A          0x00000302   Section        0  libinit2.o(.ARM.Collect$$libinit$$0000000A)
    .ARM.Collect$$libinit$$0000000C          0x00000302   Section        0  libinit2.o(.ARM.Collect$$libinit$$0000000C)
    .ARM.Collect$$libinit$$0000000E          0x00000302   Section        0  libinit2.o(.ARM.Collect$$libinit$$0000000E)
    .ARM.Collect$$libinit$$00000011          0x00000302   Section        0  libinit2.o(.ARM.Collect$$libinit$$00000011)
    .ARM.Collect$$libinit$$00000013          0x00000302   Section        0  libinit2.o(.ARM.Collect$$libinit$$00000013)
    .ARM.Collect$$libinit$$00000015          0x00000302   Section        0  libinit2.o(.ARM.Collect$$libinit$$00000015)
    .ARM.Collect$$libinit$$00000017          0x00000302   Section        0  libinit2.o(.ARM.Collect$$libinit$$00000017)
    .ARM.Collect$$libinit$$00000019          0x00000302   Section        0  libinit2.o(.ARM.Collect$$libinit$$00000019)
    .ARM.Collect$$libinit$$0000001B          0x00000302   Section        0  libinit2.o(.ARM.Collect$$libinit$$0000001B)
    .ARM.Collect$$libinit$$0000001D          0x00000302   Section        0  libinit2.o(.ARM.Collect$$libinit$$0000001D)
    .ARM.Collect$$libinit$$0000001F          0x00000302   Section        0  libinit2.o(.ARM.Collect$$libinit$$0000001F)
    .ARM.Collect$$libinit$$00000021          0x00000302   Section        0  libinit2.o(.ARM.Collect$$libinit$$00000021)
    .ARM.Collect$$libinit$$00000023          0x00000302   Section        0  libinit2.o(.ARM.Collect$$libinit$$00000023)
    .ARM.Collect$$libinit$$00000025          0x00000302   Section        0  libinit2.o(.ARM.Collect$$libinit$$00000025)
    .ARM.Collect$$libinit$$0000002C          0x00000302   Section        0  libinit2.o(.ARM.Collect$$libinit$$0000002C)
    .ARM.Collect$$libinit$$0000002E          0x00000302   Section        0  libinit2.o(.ARM.Collect$$libinit$$0000002E)
    .ARM.Collect$$libinit$$00000030          0x00000302   Section        0  libinit2.o(.ARM.Collect$$libinit$$00000030)
    .ARM.Collect$$libinit$$00000032          0x00000302   Section        0  libinit2.o(.ARM.Collect$$libinit$$00000032)
    .ARM.Collect$$libinit$$00000033          0x00000302   Section        2  libinit2.o(.ARM.Collect$$libinit$$00000033)
    .ARM.Collect$$libshutdown$$00000000      0x00000304   Section        2  libshutdown.o(.ARM.Collect$$libshutdown$$00000000)
    .ARM.Collect$$libshutdown$$00000002      0x00000306   Section        0  libshutdown2.o(.ARM.Collect$$libshutdown$$00000002)
    .ARM.Collect$$libshutdown$$00000004      0x00000306   Section        0  libshutdown2.o(.ARM.Collect$$libshutdown$$00000004)
    .ARM.Collect$$libshutdown$$00000007      0x00000306   Section        0  libshutdown2.o(.ARM.Collect$$libshutdown$$00000007)
    .ARM.Collect$$libshutdown$$0000000A      0x00000306   Section        0  libshutdown2.o(.ARM.Collect$$libshutdown$$0000000A)
    .ARM.Collect$$libshutdown$$0000000C      0x00000306   Section        0  libshutdown2.o(.ARM.Collect$$libshutdown$$0000000C)
    .ARM.Collect$$libshutdown$$0000000F      0x00000306   Section        0  libshutdown2.o(.ARM.Collect$$libshutdown$$0000000F)
    .ARM.Collect$$libshutdown$$00000010      0x00000306   Section        2  libshutdown2.o(.ARM.Collect$$libshutdown$$00000010)
    .ARM.Collect$$rtentry$$00000000          0x00000308   Section        0  __rtentry.o(.ARM.Collect$$rtentry$$00000000)
    .ARM.Collect$$rtentry$$00000002          0x00000308   Section        0  __rtentry2.o(.ARM.Collect$$rtentry$$00000002)
    .ARM.Collect$$rtentry$$00000004          0x00000308   Section        6  __rtentry4.o(.ARM.Collect$$rtentry$$00000004)
    .ARM.Collect$$rtentry$$00000009          0x0000030e   Section        0  __rtentry2.o(.ARM.Collect$$rtentry$$00000009)
    .ARM.Collect$$rtentry$$0000000A          0x0000030e   Section        4  __rtentry2.o(.ARM.Collect$$rtentry$$0000000A)
    .ARM.Collect$$rtentry$$0000000C          0x00000312   Section        0  __rtentry2.o(.ARM.Collect$$rtentry$$0000000C)
    .ARM.Collect$$rtentry$$0000000D          0x00000312   Section        8  __rtentry2.o(.ARM.Collect$$rtentry$$0000000D)
    .ARM.Collect$$rtexit$$00000000           0x0000031a   Section        2  rtexit.o(.ARM.Collect$$rtexit$$00000000)
    .ARM.Collect$$rtexit$$00000002           0x0000031c   Section        0  rtexit2.o(.ARM.Collect$$rtexit$$00000002)
    .ARM.Collect$$rtexit$$00000003           0x0000031c   Section        4  rtexit2.o(.ARM.Collect$$rtexit$$00000003)
    .ARM.Collect$$rtexit$$00000004           0x00000320   Section        6  rtexit2.o(.ARM.Collect$$rtexit$$00000004)
    $v0                                      0x00000328   Number         0  startup_rvmdk.o(.text)
    .text                                    0x00000328   Section       24  startup_rvmdk.o(.text)
    .text                                    0x00000340   Section        0  heapauxi.o(.text)
    .text                                    0x00000346   Section       74  sys_stackheap_outer.o(.text)
    .text                                    0x00000390   Section        0  exit.o(.text)
    .text                                    0x000003a4   Section        8  libspace.o(.text)
    .text                                    0x000003ac   Section        0  sys_exit.o(.text)
    .text                                    0x000003b8   Section        2  use_no_semi.o(.text)
    .text                                    0x000003ba   Section        0  indicate_semi.o(.text)
    [Anonymous Symbol]                       0x000003bc   Section        0  obstacle_avoidance.o(.text.Delay_MicroSecond)
    [Anonymous Symbol]                       0x00000410   Section        0  obstacle_avoidance.o(.text.Timer0_init)
    [Anonymous Symbol]                       0x00000494   Section        0  obstacle_avoidance.o(.text.left_motor_backward)
    [Anonymous Symbol]                       0x000004b0   Section        0  obstacle_avoidance.o(.text.left_motor_forward)
    [Anonymous Symbol]                       0x000004cc   Section        0  obstacle_avoidance.o(.text.left_motor_stop)
    [Anonymous Symbol]                       0x000004e0   Section        0  obstacle_avoidance.o(.text.lookleft)
    [Anonymous Symbol]                       0x0000050c   Section        0  obstacle_avoidance.o(.text.lookright)
    [Anonymous Symbol]                       0x0000053c   Section        0  obstacle_avoidance.o(.text.main)
    [Anonymous Symbol]                       0x00000618   Section        0  obstacle_avoidance.o(.text.measureD)
    [Anonymous Symbol]                       0x000006b8   Section        0  obstacle_avoidance.o(.text.movebackward)
    [Anonymous Symbol]                       0x000006c4   Section        0  obstacle_avoidance.o(.text.moveforward)
    [Anonymous Symbol]                       0x000006d0   Section        0  obstacle_avoidance.o(.text.movestop)
    [Anonymous Symbol]                       0x000006dc   Section        0  obstacle_avoidance.o(.text.portA_init)
    [Anonymous Symbol]                       0x0000070c   Section        0  obstacle_avoidance.o(.text.portB_init)
    [Anonymous Symbol]                       0x00000750   Section        0  obstacle_avoidance.o(.text.read_distance)
    [Anonymous Symbol]                       0x0000076c   Section        0  obstacle_avoidance.o(.text.right_motor_backward)
    [Anonymous Symbol]                       0x00000788   Section        0  obstacle_avoidance.o(.text.right_motor_forward)
    [Anonymous Symbol]                       0x000007a4   Section        0  obstacle_avoidance.o(.text.right_motor_stop)
    [Anonymous Symbol]                       0x000007b8   Section        0  obstacle_avoidance.o(.text.servo_135_degree)
    [Anonymous Symbol]                       0x000007e4   Section        0  obstacle_avoidance.o(.text.servo_45_degree)
    [Anonymous Symbol]                       0x0000081c   Section        0  obstacle_avoidance.o(.text.servo_90_degree)
    [Anonymous Symbol]                       0x00000850   Section        0  obstacle_avoidance.o(.text.servo_init)
    [Anonymous Symbol]                       0x00000880   Section        0  obstacle_avoidance.o(.text.turnleft)
    [Anonymous Symbol]                       0x0000088c   Section        0  obstacle_avoidance.o(.text.turnright)
    $v0                                      0x00000898   Number         0  dfixu.o(x$fpl$dfixu)
    x$fpl$dfixu                              0x00000898   Section       90  dfixu.o(x$fpl$dfixu)
    $v0                                      0x000008f2   Number         0  dflt_clz.o(x$fpl$dfltu)
    x$fpl$dfltu                              0x000008f2   Section       38  dflt_clz.o(x$fpl$dfltu)
    $v0                                      0x00000918   Number         0  dmul.o(x$fpl$dmul)
    x$fpl$dmul                               0x00000918   Section      340  dmul.o(x$fpl$dmul)
    $v0                                      0x00000a6c   Number         0  dnaninf.o(x$fpl$dnaninf)
    x$fpl$dnaninf                            0x00000a6c   Section      156  dnaninf.o(x$fpl$dnaninf)
    $v0                                      0x00000b08   Number         0  dretinf.o(x$fpl$dretinf)
    x$fpl$dretinf                            0x00000b08   Section       12  dretinf.o(x$fpl$dretinf)
    $v0                                      0x00000b14   Number         0  fpinit.o(x$fpl$fpinit)
    x$fpl$fpinit                             0x00000b14   Section       26  fpinit.o(x$fpl$fpinit)
    x$fpl$usenofp                            0x00000b2e   Section        0  usenofp.o(x$fpl$usenofp)
    .bss                                     0x20000008   Section       96  libspace.o(.bss)
    HeapMem                                  0x20000078   Data           0  startup_rvmdk.o(HEAP)
    StackMem                                 0x20000078   Data           0  startup_rvmdk.o(STACK)
    HEAP                                     0x20000078   Section        0  startup_rvmdk.o(HEAP)
    STACK                                    0x20000078   Section      256  startup_rvmdk.o(STACK)

    Global Symbols

    Symbol Name                              Value     Ov Type        Size  Object(Section)

    BuildAttributes$$THM_ISAv4$E$P$D$K$B$S$7EM$VFPi3$EXTD16$VFPS$VFMA$PE$A:L22UL41UL21$X:L11$S22US41US21$IEEE1$IW$~IW$USESV6$~STKCKD$USESV7$~SHL$OTIME$ROPI$EBA8$UX$STANDARDLIB$REQ8$PRES8$EABIv2 0x00000000   Number         0  anon$$obj.o ABSOLUTE
    __Vectors                                0x00000000   Data           0  startup_rvmdk.o(RESET)
    __ARM_exceptions_init                     - Undefined Weak Reference
    __alloca_initialize                       - Undefined Weak Reference
    __arm_preinit_                            - Undefined Weak Reference
    __cpp_initialize__aeabi_                  - Undefined Weak Reference
    __cxa_finalize                            - Undefined Weak Reference
    __rt_locale                               - Undefined Weak Reference
    __sigvec_lookup                           - Undefined Weak Reference
    _atexit_init                              - Undefined Weak Reference
    _call_atexit_fns                          - Undefined Weak Reference
    _clock_init                               - Undefined Weak Reference
    _fp_trap_init                             - Undefined Weak Reference
    _fp_trap_shutdown                         - Undefined Weak Reference
    _get_lc_collate                           - Undefined Weak Reference
    _get_lc_ctype                             - Undefined Weak Reference
    _get_lc_monetary                          - Undefined Weak Reference
    _get_lc_numeric                           - Undefined Weak Reference
    _get_lc_time                              - Undefined Weak Reference
    _getenv_init                              - Undefined Weak Reference
    _handle_redirection                       - Undefined Weak Reference
    _init_alloc                               - Undefined Weak Reference
    _init_user_alloc                          - Undefined Weak Reference
    _initio                                   - Undefined Weak Reference
    _rand_init                                - Undefined Weak Reference
    _signal_finish                            - Undefined Weak Reference
    _signal_init                              - Undefined Weak Reference
    _terminate_alloc                          - Undefined Weak Reference
    _terminate_user_alloc                     - Undefined Weak Reference
    _terminateio                              - Undefined Weak Reference
    Reset_Handler                            0x0000026d   Thumb Code     0  startup_rvmdk.o(RESET)
    __main                                   0x00000289   Thumb Code     8  __main.o(!!!main)
    __scatterload                            0x00000291   Thumb Code     0  __scatter.o(!!!scatter)
    __scatterload_rt2                        0x00000291   Thumb Code    44  __scatter.o(!!!scatter)
    __scatterload_rt2_thumb_only             0x00000291   Thumb Code     0  __scatter.o(!!!scatter)
    __scatterload_null                       0x0000029f   Thumb Code     0  __scatter.o(!!!scatter)
    __scatterload_copy                       0x000002c5   Thumb Code    26  __scatter_copy.o(!!handler_copy)
    __scatterload_zeroinit                   0x000002e1   Thumb Code    28  __scatter_zi.o(!!handler_zi)
    __rt_lib_init                            0x000002fd   Thumb Code     0  libinit.o(.ARM.Collect$$libinit$$00000000)
    __rt_lib_init_fp_1                       0x000002ff   Thumb Code     0  libinit2.o(.ARM.Collect$$libinit$$00000001)
    __rt_lib_init_alloca_1                   0x00000303   Thumb Code     0  libinit2.o(.ARM.Collect$$libinit$$0000002E)
    __rt_lib_init_argv_1                     0x00000303   Thumb Code     0  libinit2.o(.ARM.Collect$$libinit$$0000002C)
    __rt_lib_init_atexit_1                   0x00000303   Thumb Code     0  libinit2.o(.ARM.Collect$$libinit$$0000001B)
    __rt_lib_init_clock_1                    0x00000303   Thumb Code     0  libinit2.o(.ARM.Collect$$libinit$$00000021)
    __rt_lib_init_cpp_1                      0x00000303   Thumb Code     0  libinit2.o(.ARM.Collect$$libinit$$00000032)
    __rt_lib_init_exceptions_1               0x00000303   Thumb Code     0  libinit2.o(.ARM.Collect$$libinit$$00000030)
    __rt_lib_init_fp_trap_1                  0x00000303   Thumb Code     0  libinit2.o(.ARM.Collect$$libinit$$0000001F)
    __rt_lib_init_getenv_1                   0x00000303   Thumb Code     0  libinit2.o(.ARM.Collect$$libinit$$00000023)
    __rt_lib_init_heap_1                     0x00000303   Thumb Code     0  libinit2.o(.ARM.Collect$$libinit$$0000000A)
    __rt_lib_init_lc_collate_1               0x00000303   Thumb Code     0  libinit2.o(.ARM.Collect$$libinit$$00000011)
    __rt_lib_init_lc_ctype_1                 0x00000303   Thumb Code     0  libinit2.o(.ARM.Collect$$libinit$$00000013)
    __rt_lib_init_lc_monetary_1              0x00000303   Thumb Code     0  libinit2.o(.ARM.Collect$$libinit$$00000015)
    __rt_lib_init_lc_numeric_1               0x00000303   Thumb Code     0  libinit2.o(.ARM.Collect$$libinit$$00000017)
    __rt_lib_init_lc_time_1                  0x00000303   Thumb Code     0  libinit2.o(.ARM.Collect$$libinit$$00000019)
    __rt_lib_init_preinit_1                  0x00000303   Thumb Code     0  libinit2.o(.ARM.Collect$$libinit$$00000004)
    __rt_lib_init_rand_1                     0x00000303   Thumb Code     0  libinit2.o(.ARM.Collect$$libinit$$0000000E)
    __rt_lib_init_return                     0x00000303   Thumb Code     0  libinit2.o(.ARM.Collect$$libinit$$00000033)
    __rt_lib_init_signal_1                   0x00000303   Thumb Code     0  libinit2.o(.ARM.Collect$$libinit$$0000001D)
    __rt_lib_init_stdio_1                    0x00000303   Thumb Code     0  libinit2.o(.ARM.Collect$$libinit$$00000025)
    __rt_lib_init_user_alloc_1               0x00000303   Thumb Code     0  libinit2.o(.ARM.Collect$$libinit$$0000000C)
    __rt_lib_shutdown                        0x00000305   Thumb Code     0  libshutdown.o(.ARM.Collect$$libshutdown$$00000000)
    __rt_lib_shutdown_cpp_1                  0x00000307   Thumb Code     0  libshutdown2.o(.ARM.Collect$$libshutdown$$00000002)
    __rt_lib_shutdown_fp_trap_1              0x00000307   Thumb Code     0  libshutdown2.o(.ARM.Collect$$libshutdown$$00000007)
    __rt_lib_shutdown_heap_1                 0x00000307   Thumb Code     0  libshutdown2.o(.ARM.Collect$$libshutdown$$0000000F)
    __rt_lib_shutdown_return                 0x00000307   Thumb Code     0  libshutdown2.o(.ARM.Collect$$libshutdown$$00000010)
    __rt_lib_shutdown_signal_1               0x00000307   Thumb Code     0  libshutdown2.o(.ARM.Collect$$libshutdown$$0000000A)
    __rt_lib_shutdown_stdio_1                0x00000307   Thumb Code     0  libshutdown2.o(.ARM.Collect$$libshutdown$$00000004)
    __rt_lib_shutdown_user_alloc_1           0x00000307   Thumb Code     0  libshutdown2.o(.ARM.Collect$$libshutdown$$0000000C)
    __rt_entry                               0x00000309   Thumb Code     0  __rtentry.o(.ARM.Collect$$rtentry$$00000000)
    __rt_entry_presh_1                       0x00000309   Thumb Code     0  __rtentry2.o(.ARM.Collect$$rtentry$$00000002)
    __rt_entry_sh                            0x00000309   Thumb Code     0  __rtentry4.o(.ARM.Collect$$rtentry$$00000004)
    __rt_entry_li                            0x0000030f   Thumb Code     0  __rtentry2.o(.ARM.Collect$$rtentry$$0000000A)
    __rt_entry_postsh_1                      0x0000030f   Thumb Code     0  __rtentry2.o(.ARM.Collect$$rtentry$$00000009)
    __rt_entry_main                          0x00000313   Thumb Code     0  __rtentry2.o(.ARM.Collect$$rtentry$$0000000D)
    __rt_entry_postli_1                      0x00000313   Thumb Code     0  __rtentry2.o(.ARM.Collect$$rtentry$$0000000C)
    __rt_exit                                0x0000031b   Thumb Code     0  rtexit.o(.ARM.Collect$$rtexit$$00000000)
    __rt_exit_ls                             0x0000031d   Thumb Code     0  rtexit2.o(.ARM.Collect$$rtexit$$00000003)
    __rt_exit_prels_1                        0x0000031d   Thumb Code     0  rtexit2.o(.ARM.Collect$$rtexit$$00000002)
    __rt_exit_exit                           0x00000321   Thumb Code     0  rtexit2.o(.ARM.Collect$$rtexit$$00000004)
    __user_initial_stackheap                 0x00000329   Thumb Code     0  startup_rvmdk.o(.text)
    __use_two_region_memory                  0x00000341   Thumb Code     2  heapauxi.o(.text)
    __rt_heap_escrow$2region                 0x00000343   Thumb Code     2  heapauxi.o(.text)
    __rt_heap_expand$2region                 0x00000345   Thumb Code     2  heapauxi.o(.text)
    __user_setup_stackheap                   0x00000347   Thumb Code    74  sys_stackheap_outer.o(.text)
    exit                                     0x00000391   Thumb Code    18  exit.o(.text)
    __user_libspace                          0x000003a5   Thumb Code     8  libspace.o(.text)
    __user_perproc_libspace                  0x000003a5   Thumb Code     0  libspace.o(.text)
    __user_perthread_libspace                0x000003a5   Thumb Code     0  libspace.o(.text)
    _sys_exit                                0x000003ad   Thumb Code     8  sys_exit.o(.text)
    __I$use$semihosting                      0x000003b9   Thumb Code     0  use_no_semi.o(.text)
    __use_no_semihosting_swi                 0x000003b9   Thumb Code     2  use_no_semi.o(.text)
    __semihosting_library_function           0x000003bb   Thumb Code     0  indicate_semi.o(.text)
    Delay_MicroSecond                        0x000003bd   Thumb Code    82  obstacle_avoidance.o(.text.Delay_MicroSecond)
    Timer0_init                              0x00000411   Thumb Code   132  obstacle_avoidance.o(.text.Timer0_init)
    left_motor_backward                      0x00000495   Thumb Code    26  obstacle_avoidance.o(.text.left_motor_backward)
    left_motor_forward                       0x000004b1   Thumb Code    26  obstacle_avoidance.o(.text.left_motor_forward)
    left_motor_stop                          0x000004cd   Thumb Code    18  obstacle_avoidance.o(.text.left_motor_stop)
    lookleft                                 0x000004e1   Thumb Code    44  obstacle_avoidance.o(.text.lookleft)
    lookright                                0x0000050d   Thumb Code    46  obstacle_avoidance.o(.text.lookright)
    main                                     0x0000053d   Thumb Code   218  obstacle_avoidance.o(.text.main)
    measureD                                 0x00000619   Thumb Code   160  obstacle_avoidance.o(.text.measureD)
    movebackward                             0x000006b9   Thumb Code    12  obstacle_avoidance.o(.text.movebackward)
    moveforward                              0x000006c5   Thumb Code    12  obstacle_avoidance.o(.text.moveforward)
    movestop                                 0x000006d1   Thumb Code    12  obstacle_avoidance.o(.text.movestop)
    portA_init                               0x000006dd   Thumb Code    46  obstacle_avoidance.o(.text.portA_init)
    portB_init                               0x0000070d   Thumb Code    68  obstacle_avoidance.o(.text.portB_init)
    read_distance                            0x00000751   Thumb Code    26  obstacle_avoidance.o(.text.read_distance)
    right_motor_backward                     0x0000076d   Thumb Code    26  obstacle_avoidance.o(.text.right_motor_backward)
    right_motor_forward                      0x00000789   Thumb Code    26  obstacle_avoidance.o(.text.right_motor_forward)
    right_motor_stop                         0x000007a5   Thumb Code    18  obstacle_avoidance.o(.text.right_motor_stop)
    servo_135_degree                         0x000007b9   Thumb Code    42  obstacle_avoidance.o(.text.servo_135_degree)
    servo_45_degree                          0x000007e5   Thumb Code    56  obstacle_avoidance.o(.text.servo_45_degree)
    servo_90_degree                          0x0000081d   Thumb Code    50  obstacle_avoidance.o(.text.servo_90_degree)
    servo_init                               0x00000851   Thumb Code    46  obstacle_avoidance.o(.text.servo_init)
    turnleft                                 0x00000881   Thumb Code    12  obstacle_avoidance.o(.text.turnleft)
    turnright                                0x0000088d   Thumb Code    12  obstacle_avoidance.o(.text.turnright)
    __aeabi_d2uiz                            0x00000899   Thumb Code     0  dfixu.o(x$fpl$dfixu)
    _dfixu                                   0x00000899   Thumb Code    90  dfixu.o(x$fpl$dfixu)
    __aeabi_ui2d                             0x000008f3   Thumb Code     0  dflt_clz.o(x$fpl$dfltu)
    _dfltu                                   0x000008f3   Thumb Code    38  dflt_clz.o(x$fpl$dfltu)
    __aeabi_dmul                             0x00000919   Thumb Code     0  dmul.o(x$fpl$dmul)
    _dmul                                    0x00000919   Thumb Code   332  dmul.o(x$fpl$dmul)
    __fpl_dnaninf                            0x00000a6d   Thumb Code   156  dnaninf.o(x$fpl$dnaninf)
    __fpl_dretinf                            0x00000b09   Thumb Code    12  dretinf.o(x$fpl$dretinf)
    _fp_init                                 0x00000b15   Thumb Code    26  fpinit.o(x$fpl$fpinit)
    __fplib_config_fpu_vfp                   0x00000b2d   Thumb Code     0  fpinit.o(x$fpl$fpinit)
    __fplib_config_pureend_doubles           0x00000b2d   Thumb Code     0  fpinit.o(x$fpl$fpinit)
    __I$use$fp                               0x00000b2e   Number         0  usenofp.o(x$fpl$usenofp)
    Region$$Table$$Base                      0x00000b30   Number         0  anon$$obj.o(Region$$Table)
    Region$$Table$$Limit                     0x00000b50   Number         0  anon$$obj.o(Region$$Table)
    distance                                 0x20000000   Data           4  obstacle_avoidance.o(.data.distance)
    __libspace_start                         0x20000008   Data          96  libspace.o(.bss)
    __temporary_stack_top$libspace           0x20000068   Data           0  libspace.o(.bss)
    ddistance                                0x20000068   Data           4  obstacle_avoidance.o(.bss.ddistance)
    highEdge                                 0x2000006c   Data           4  obstacle_avoidance.o(.bss.highEdge)
    lowEdge                                  0x20000070   Data           4  obstacle_avoidance.o(.bss.lowEdge)



==============================================================================

Memory Map of the image

  Image Entry point : 0x0000026d

  Load Region LR_1 (Base: 0x00000000, Size: 0x00000b54, Max: 0xffffffff, ABSOLUTE)

    Execution Region ER_RO (Exec base: 0x00000000, Load base: 0x00000000, Size: 0x00000b50, Max: 0xffffffff, ABSOLUTE)

    Exec Addr    Load Addr    Size         Type   Attr      Idx    E Section Name        Object

    0x00000000   0x00000000   0x00000288   Code   RO            3  * RESET               startup_rvmdk.o
    0x00000288   0x00000288   0x00000008   Code   RO           80  * !!!main             c_w.l(__main.o)
    0x00000290   0x00000290   0x00000034   Code   RO          260    !!!scatter          c_w.l(__scatter.o)
    0x000002c4   0x000002c4   0x0000001a   Code   RO          262    !!handler_copy      c_w.l(__scatter_copy.o)
    0x000002de   0x000002de   0x00000002   PAD
    0x000002e0   0x000002e0   0x0000001c   Code   RO          264    !!handler_zi        c_w.l(__scatter_zi.o)
    0x000002fc   0x000002fc   0x00000002   Code   RO          124    .ARM.Collect$$libinit$$00000000  c_w.l(libinit.o)
    0x000002fe   0x000002fe   0x00000004   Code   RO          130    .ARM.Collect$$libinit$$00000001  c_w.l(libinit2.o)
    0x00000302   0x00000302   0x00000000   Code   RO          133    .ARM.Collect$$libinit$$00000004  c_w.l(libinit2.o)
    0x00000302   0x00000302   0x00000000   Code   RO          136    .ARM.Collect$$libinit$$0000000A  c_w.l(libinit2.o)
    0x00000302   0x00000302   0x00000000   Code   RO          138    .ARM.Collect$$libinit$$0000000C  c_w.l(libinit2.o)
    0x00000302   0x00000302   0x00000000   Code   RO          140    .ARM.Collect$$libinit$$0000000E  c_w.l(libinit2.o)
    0x00000302   0x00000302   0x00000000   Code   RO          143    .ARM.Collect$$libinit$$00000011  c_w.l(libinit2.o)
    0x00000302   0x00000302   0x00000000   Code   RO          145    .ARM.Collect$$libinit$$00000013  c_w.l(libinit2.o)
    0x00000302   0x00000302   0x00000000   Code   RO          147    .ARM.Collect$$libinit$$00000015  c_w.l(libinit2.o)
    0x00000302   0x00000302   0x00000000   Code   RO          149    .ARM.Collect$$libinit$$00000017  c_w.l(libinit2.o)
    0x00000302   0x00000302   0x00000000   Code   RO          151    .ARM.Collect$$libinit$$00000019  c_w.l(libinit2.o)
    0x00000302   0x00000302   0x00000000   Code   RO          153    .ARM.Collect$$libinit$$0000001B  c_w.l(libinit2.o)
    0x00000302   0x00000302   0x00000000   Code   RO          155    .ARM.Collect$$libinit$$0000001D  c_w.l(libinit2.o)
    0x00000302   0x00000302   0x00000000   Code   RO          157    .ARM.Collect$$libinit$$0000001F  c_w.l(libinit2.o)
    0x00000302   0x00000302   0x00000000   Code   RO          159    .ARM.Collect$$libinit$$00000021  c_w.l(libinit2.o)
    0x00000302   0x00000302   0x00000000   Code   RO          161    .ARM.Collect$$libinit$$00000023  c_w.l(libinit2.o)
    0x00000302   0x00000302   0x00000000   Code   RO          163    .ARM.Collect$$libinit$$00000025  c_w.l(libinit2.o)
    0x00000302   0x00000302   0x00000000   Code   RO          167    .ARM.Collect$$libinit$$0000002C  c_w.l(libinit2.o)
    0x00000302   0x00000302   0x00000000   Code   RO          169    .ARM.Collect$$libinit$$0000002E  c_w.l(libinit2.o)
    0x00000302   0x00000302   0x00000000   Code   RO          171    .ARM.Collect$$libinit$$00000030  c_w.l(libinit2.o)
    0x00000302   0x00000302   0x00000000   Code   RO          173    .ARM.Collect$$libinit$$00000032  c_w.l(libinit2.o)
    0x00000302   0x00000302   0x00000002   Code   RO          174    .ARM.Collect$$libinit$$00000033  c_w.l(libinit2.o)
    0x00000304   0x00000304   0x00000002   Code   RO          196    .ARM.Collect$$libshutdown$$00000000  c_w.l(libshutdown.o)
    0x00000306   0x00000306   0x00000000   Code   RO          211    .ARM.Collect$$libshutdown$$00000002  c_w.l(libshutdown2.o)
    0x00000306   0x00000306   0x00000000   Code   RO          213    .ARM.Collect$$libshutdown$$00000004  c_w.l(libshutdown2.o)
    0x00000306   0x00000306   0x00000000   Code   RO          216    .ARM.Collect$$libshutdown$$00000007  c_w.l(libshutdown2.o)
    0x00000306   0x00000306   0x00000000   Code   RO          219    .ARM.Collect$$libshutdown$$0000000A  c_w.l(libshutdown2.o)
    0x00000306   0x00000306   0x00000000   Code   RO          221    .ARM.Collect$$libshutdown$$0000000C  c_w.l(libshutdown2.o)
    0x00000306   0x00000306   0x00000000   Code   RO          224    .ARM.Collect$$libshutdown$$0000000F  c_w.l(libshutdown2.o)
    0x00000306   0x00000306   0x00000002   Code   RO          225    .ARM.Collect$$libshutdown$$00000010  c_w.l(libshutdown2.o)
    0x00000308   0x00000308   0x00000000   Code   RO           94    .ARM.Collect$$rtentry$$00000000  c_w.l(__rtentry.o)
    0x00000308   0x00000308   0x00000000   Code   RO          101    .ARM.Collect$$rtentry$$00000002  c_w.l(__rtentry2.o)
    0x00000308   0x00000308   0x00000006   Code   RO          113    .ARM.Collect$$rtentry$$00000004  c_w.l(__rtentry4.o)
    0x0000030e   0x0000030e   0x00000000   Code   RO          103    .ARM.Collect$$rtentry$$00000009  c_w.l(__rtentry2.o)
    0x0000030e   0x0000030e   0x00000004   Code   RO          104    .ARM.Collect$$rtentry$$0000000A  c_w.l(__rtentry2.o)
    0x00000312   0x00000312   0x00000000   Code   RO          106    .ARM.Collect$$rtentry$$0000000C  c_w.l(__rtentry2.o)
    0x00000312   0x00000312   0x00000008   Code   RO          107    .ARM.Collect$$rtentry$$0000000D  c_w.l(__rtentry2.o)
    0x0000031a   0x0000031a   0x00000002   Code   RO          128    .ARM.Collect$$rtexit$$00000000  c_w.l(rtexit.o)
    0x0000031c   0x0000031c   0x00000000   Code   RO          176    .ARM.Collect$$rtexit$$00000002  c_w.l(rtexit2.o)
    0x0000031c   0x0000031c   0x00000004   Code   RO          177    .ARM.Collect$$rtexit$$00000003  c_w.l(rtexit2.o)
    0x00000320   0x00000320   0x00000006   Code   RO          178    .ARM.Collect$$rtexit$$00000004  c_w.l(rtexit2.o)
    0x00000326   0x00000326   0x00000002   PAD
    0x00000328   0x00000328   0x00000018   Code   RO            4    .text               startup_rvmdk.o
    0x00000340   0x00000340   0x00000006   Code   RO           78    .text               c_w.l(heapauxi.o)
    0x00000346   0x00000346   0x0000004a   Code   RO          115    .text               c_w.l(sys_stackheap_outer.o)
    0x00000390   0x00000390   0x00000012   Code   RO          117    .text               c_w.l(exit.o)
    0x000003a2   0x000003a2   0x00000002   PAD
    0x000003a4   0x000003a4   0x00000008   Code   RO          125    .text               c_w.l(libspace.o)
    0x000003ac   0x000003ac   0x0000000c   Code   RO          186    .text               c_w.l(sys_exit.o)
    0x000003b8   0x000003b8   0x00000002   Code   RO          201    .text               c_w.l(use_no_semi.o)
    0x000003ba   0x000003ba   0x00000000   Code   RO          203    .text               c_w.l(indicate_semi.o)
    0x000003ba   0x000003ba   0x00000002   PAD
    0x000003bc   0x000003bc   0x00000052   Code   RO           24    .text.Delay_MicroSecond  obstacle_avoidance.o
    0x0000040e   0x0000040e   0x00000002   PAD
    0x00000410   0x00000410   0x00000084   Code   RO           18    .text.Timer0_init   obstacle_avoidance.o
    0x00000494   0x00000494   0x0000001a   Code   RO           50    .text.left_motor_backward  obstacle_avoidance.o
    0x000004ae   0x000004ae   0x00000002   PAD
    0x000004b0   0x000004b0   0x0000001a   Code   RO           48    .text.left_motor_forward  obstacle_avoidance.o
    0x000004ca   0x000004ca   0x00000002   PAD
    0x000004cc   0x000004cc   0x00000012   Code   RO           52    .text.left_motor_stop  obstacle_avoidance.o
    0x000004de   0x000004de   0x00000002   PAD
    0x000004e0   0x000004e0   0x0000002c   Code   RO           34    .text.lookleft      obstacle_avoidance.o
    0x0000050c   0x0000050c   0x0000002e   Code   RO           32    .text.lookright     obstacle_avoidance.o
    0x0000053a   0x0000053a   0x00000002   PAD
    0x0000053c   0x0000053c   0x000000da   Code   RO           12    .text.main          obstacle_avoidance.o
    0x00000616   0x00000616   0x00000002   PAD
    0x00000618   0x00000618   0x000000a0   Code   RO           46    .text.measureD      obstacle_avoidance.o
    0x000006b8   0x000006b8   0x0000000c   Code   RO           30    .text.movebackward  obstacle_avoidance.o
    0x000006c4   0x000006c4   0x0000000c   Code   RO           40    .text.moveforward   obstacle_avoidance.o
    0x000006d0   0x000006d0   0x0000000c   Code   RO           28    .text.movestop      obstacle_avoidance.o
    0x000006dc   0x000006dc   0x0000002e   Code   RO           16    .text.portA_init    obstacle_avoidance.o
    0x0000070a   0x0000070a   0x00000002   PAD
    0x0000070c   0x0000070c   0x00000044   Code   RO           14    .text.portB_init    obstacle_avoidance.o
    0x00000750   0x00000750   0x0000001a   Code   RO           26    .text.read_distance  obstacle_avoidance.o
    0x0000076a   0x0000076a   0x00000002   PAD
    0x0000076c   0x0000076c   0x0000001a   Code   RO           56    .text.right_motor_backward  obstacle_avoidance.o
    0x00000786   0x00000786   0x00000002   PAD
    0x00000788   0x00000788   0x0000001a   Code   RO           54    .text.right_motor_forward  obstacle_avoidance.o
    0x000007a2   0x000007a2   0x00000002   PAD
    0x000007a4   0x000007a4   0x00000012   Code   RO           58    .text.right_motor_stop  obstacle_avoidance.o
    0x000007b6   0x000007b6   0x00000002   PAD
    0x000007b8   0x000007b8   0x0000002a   Code   RO           44    .text.servo_135_degree  obstacle_avoidance.o
    0x000007e2   0x000007e2   0x00000002   PAD
    0x000007e4   0x000007e4   0x00000038   Code   RO           42    .text.servo_45_degree  obstacle_avoidance.o
    0x0000081c   0x0000081c   0x00000032   Code   RO           22    .text.servo_90_degree  obstacle_avoidance.o
    0x0000084e   0x0000084e   0x00000002   PAD
    0x00000850   0x00000850   0x0000002e   Code   RO           20    .text.servo_init    obstacle_avoidance.o
    0x0000087e   0x0000087e   0x00000002   PAD
    0x00000880   0x00000880   0x0000000c   Code   RO           38    .text.turnleft      obstacle_avoidance.o
    0x0000088c   0x0000088c   0x0000000c   Code   RO           36    .text.turnright     obstacle_avoidance.o
    0x00000898   0x00000898   0x0000005a   Code   RO           82    x$fpl$dfixu         fz_wm.l(dfixu.o)
    0x000008f2   0x000008f2   0x00000026   Code   RO           86    x$fpl$dfltu         fz_wm.l(dflt_clz.o)
    0x00000918   0x00000918   0x00000154   Code   RO           92    x$fpl$dmul          fz_wm.l(dmul.o)
    0x00000a6c   0x00000a6c   0x0000009c   Code   RO           95    x$fpl$dnaninf       fz_wm.l(dnaninf.o)
    0x00000b08   0x00000b08   0x0000000c   Code   RO           97    x$fpl$dretinf       fz_wm.l(dretinf.o)
    0x00000b14   0x00000b14   0x0000001a   Code   RO          184    x$fpl$fpinit        fz_wm.l(fpinit.o)
    0x00000b2e   0x00000b2e   0x00000000   Code   RO           99    x$fpl$usenofp       fz_wm.l(usenofp.o)
    0x00000b2e   0x00000b2e   0x00000002   PAD
    0x00000b30   0x00000b30   0x00000020   Data   RO          259    Region$$Table       anon$$obj.o


    Execution Region ER_RW (Exec base: 0x20000000, Load base: 0x00000b50, Size: 0x00000004, Max: 0xffffffff, ABSOLUTE)

    Exec Addr    Load Addr    Size         Type   Attr      Idx    E Section Name        Object

    0x20000000   0x00000b50   0x00000004   Data   RW           63    .data.distance      obstacle_avoidance.o


    Execution Region ER_ZI (Exec base: 0x20000008, Load base: 0x00000b54, Size: 0x00000170, Max: 0xffffffff, ABSOLUTE)

    Exec Addr    Load Addr    Size         Type   Attr      Idx    E Section Name        Object

    0x20000008        -       0x00000060   Zero   RW          126    .bss                c_w.l(libspace.o)
    0x20000068        -       0x00000004   Zero   RW           66    .bss.ddistance      obstacle_avoidance.o
    0x2000006c        -       0x00000004   Zero   RW           64    .bss.highEdge       obstacle_avoidance.o
    0x20000070        -       0x00000004   Zero   RW           65    .bss.lowEdge        obstacle_avoidance.o
    0x20000074   0x00000b54   0x00000004   PAD
    0x20000078        -       0x00000000   Zero   RW            2    HEAP                startup_rvmdk.o
    0x20000078        -       0x00000100   Zero   RW            1    STACK               startup_rvmdk.o


==============================================================================

Image component sizes


      Code (inc. data)   RO Data    RW Data    ZI Data      Debug   Object Name

      1216          8          0          4         12       4009   obstacle_avoidance.o
       672        636          0          0        256        564   startup_rvmdk.o

    ----------------------------------------------------------------------
      1916        644         32          4        272       4573   Object Totals
         0          0         32          0          0          0   (incl. Generated)
        28          0          0          0          4          0   (incl. Padding)

    ----------------------------------------------------------------------

      Code (inc. data)   RO Data    RW Data    ZI Data      Debug   Library Member Name

         8          0          0          0          0         68   __main.o
         0          0          0          0          0          0   __rtentry.o
        12          0          0          0          0          0   __rtentry2.o
         6          0          0          0          0          0   __rtentry4.o
        52          8          0          0          0          0   __scatter.o
        26          0          0          0          0          0   __scatter_copy.o
        28          0          0          0          0          0   __scatter_zi.o
        18          0          0          0          0         80   exit.o
         6          0          0          0          0        152   heapauxi.o
         0          0          0          0          0          0   indicate_semi.o
         2          0          0          0          0          0   libinit.o
         6          0          0          0          0          0   libinit2.o
         2          0          0          0          0          0   libshutdown.o
         2          0          0          0          0          0   libshutdown2.o
         8          4          0          0         96         68   libspace.o
         2          0          0          0          0          0   rtexit.o
        10          0          0          0          0          0   rtexit2.o
        12          4          0          0          0         68   sys_exit.o
        74          0          0          0          0         80   sys_stackheap_outer.o
         2          0          0          0          0         68   use_no_semi.o
        90          4          0          0          0        140   dfixu.o
        38          0          0          0          0        116   dflt_clz.o
       340         12          0          0          0        152   dmul.o
       156          4          0          0          0        140   dnaninf.o
        12          0          0          0          0        116   dretinf.o
        26          0          0          0          0        116   fpinit.o
         0          0          0          0          0          0   usenofp.o

    ----------------------------------------------------------------------
       948         36          0          0         96       1364   Library Totals
        10          0          0          0          0          0   (incl. Padding)

    ----------------------------------------------------------------------

      Code (inc. data)   RO Data    RW Data    ZI Data      Debug   Library Name

       276         16          0          0         96        584   c_w.l
       662         20          0          0          0        780   fz_wm.l

    ----------------------------------------------------------------------
       948         36          0          0         96       1364   Library Totals

    ----------------------------------------------------------------------

==============================================================================


      Code (inc. data)   RO Data    RW Data    ZI Data      Debug   

      2864        680         32          4        368       5381   Grand Totals
      2864        680         32          4        368       5381   ELF Image Totals
      2864        680         32          4          0          0   ROM Totals

==============================================================================

    Total RO  Size (Code + RO Data)                 2896 (   2.83kB)
    Total RW  Size (RW Data + ZI Data)               372 (   0.36kB)
    Total ROM Size (Code + RO Data + RW Data)       2900 (   2.83kB)

==============================================================================

